
> fifa-fantasy-challenge@0.1.0 build
> next build

▲ Next.js 16.2.7 (Turbopack)
- Environments: .env.local

  Creating an optimized production build ...
✓ Compiled successfully in 3.2s
  Running TypeScript ...
  Finished TypeScript in 3.8s ...
  Collecting page data using 15 workers ...
  Generating static pages using 15 workers (0/7) ...
  Generating static pages using 15 workers (1/7) 
  Generating static pages using 15 workers (3/7) 
  Generating static pages using 15 workers (5/7) 
✓ Generating static pages using 15 workers (7/7) in 200ms
  Finalizing page optimization ...

Route (app)
┌ ƒ /
├ ○ /_not-found
├ ƒ /admin
├ ƒ /api/calculate-points
├ ƒ /api/live-matches
├ ƒ /api/sync-matches
├ ƒ /auth/callback
├ ƒ /auth/login
├ ƒ /auth/register
├ ○ /como-jugar
├ ƒ /dashboard
├ ƒ /dashboard/perfil
├ ƒ /dashboard/profile
├ ƒ /fantasy
├ ƒ /fantasy/[leagueId]
├ ƒ /leagues
├ ƒ /leagues/[id]
├ ƒ /leagues/[id]/settings
├ ƒ /leagues/create
├ ƒ /leagues/join
├ ƒ /ligas
├ ƒ /ligas/[id]
├ ƒ /ligas/[id]/configuracion
├ ƒ /ligas/crear
├ ƒ /ligas/unirse
├ ƒ /predicciones
├ ƒ /predicciones/[ligaId]
├ ƒ /predictions
└ ƒ /predictions/[leagueId]


ƒ Proxy (Middleware)

○  (Static)   prerendered as static content
ƒ  (Dynamic)  server-rendered on demand

